STATE=CX2_USB_CANDIDATE product=0xE022
ACTION=run-nspireai-usb-helper-info-then-deploy
navnet bridge starting: service=0x5001; waiting for helper and calculator
warning: [options] source value 8 is obsolete and will be removed in a future release
warning: [options] target value 8 is obsolete and will be removed in a future release
warning: [options] To suppress warnings about obsolete options, use -Xlint:-options.
warning: /Applications/TI-Nspire CX CAS Student Software.app/Contents/Java/navnet.jar(/com/ti/eps/navnet/ConnectionHandle.class): major version 66 is newer than 65, the highest major version supported by this compiler.
  It is recommended that the compiler be upgraded.
warning: /Applications/TI-Nspire CX CAS Student Software.app/Contents/Java/navnet.jar(/com/ti/eps/navnet/Context.class): major version 66 is newer than 65, the highest major version supported by this compiler.
  It is recommended that the compiler be upgraded.
warning: /Applications/TI-Nspire CX CAS Student Software.app/Contents/Java/navnet.jar(/com/ti/eps/navnet/IntegerBox.class): major version 66 is newer than 65, the highest major version supported by this compiler.
  It is recommended that the compiler be upgraded.
warning: /Applications/TI-Nspire CX CAS Student Software.app/Contents/Java/navnet.jar(/com/ti/eps/navnet/NodeHandle.class): major version 66 is newer than 65, the highest major version supported by this compiler.
  It is recommended that the compiler be upgraded.
warning: /Applications/TI-Nspire CX CAS Student Software.app/Contents/Java/navnet.jar(/com/ti/eps/navnet/NodeNotificationListener.class): major version 66 is newer than 65, the highest major version supported by this compiler.
  It is recommended that the compiler be upgraded.
warning: /Applications/TI-Nspire CX CAS Student Software.app/Contents/Java/navnet.jar(/com/ti/eps/navnet/ServiceCallbackListener.class): major version 66 is newer than 65, the highest major version supported by this compiler.
  It is recommended that the compiler be upgraded.
warning: /Applications/TI-Nspire CX CAS Student Software.app/Contents/Java/navnet.jar(/com/ti/eps/navnet/NavNet.class): major version 66 is newer than 65, the highest major version supported by this compiler.
  It is recommended that the compiler be upgraded.
warning: /Applications/TI-Nspire CX CAS Student Software.app/Contents/Java/navnetcommproxy.jar(/com/ti/et/navnetcommproxy/NavNetCommProxy.class): major version 66 is newer than 65, the highest major version supported by this compiler.
  It is recommended that the compiler be upgraded.
warning: /Applications/TI-Nspire CX CAS Student Software.app/Contents/Java/commproxy.jar(/com/ti/et/education/commproxy/ICommproxyNodeScreen.class): major version 66 is newer than 65, the highest major version supported by this compiler.
  It is recommended that the compiler be upgraded.
warning: /Applications/TI-Nspire CX CAS Student Software.app/Contents/Java/commproxy.jar(/com/ti/et/education/commproxy/IEvent.class): major version 66 is newer than 65, the highest major version supported by this compiler.
  It is recommended that the compiler be upgraded.
warning: /Applications/TI-Nspire CX CAS Student Software.app/Contents/Java/commproxy.jar(/com/ti/et/education/commproxy/INodeID.class): major version 66 is newer than 65, the highest major version supported by this compiler.
  It is recommended that the compiler be upgraded.
warning: /Applications/TI-Nspire CX CAS Student Software.app/Contents/Java/commproxy.jar(/com/ti/et/education/commproxy/INodeInfo.class): major version 66 is newer than 65, the highest major version supported by this compiler.
  It is recommended that the compiler be upgraded.
warning: /Applications/TI-Nspire CX CAS Student Software.app/Contents/Java/commproxy.jar(/com/ti/et/education/commproxy/NspireVirtualKeyStroke.class): major version 66 is newer than 65, the highest major version supported by this compiler.
  It is recommended that the compiler be upgraded.
warning: /Applications/TI-Nspire CX CAS Student Software.app/Contents/Java/commproxy.jar(/com/ti/et/education/commproxy/CommProxy.class): major version 66 is newer than 65, the highest major version supported by this compiler.
  It is recommended that the compiler be upgraded.
warning: /Applications/TI-Nspire CX CAS Student Software.app/Contents/Java/commproxy.jar(/com/ti/et/education/commproxy/ICommProxy.class): major version 66 is newer than 65, the highest major version supported by this compiler.
  It is recommended that the compiler be upgraded.
warning: /Applications/TI-Nspire CX CAS Student Software.app/Contents/Java/commproxy.jar(/com/ti/et/education/commproxy/IDummyActions.class): major version 66 is newer than 65, the highest major version supported by this compiler.
  It is recommended that the compiler be upgraded.
warning: /Applications/TI-Nspire CX CAS Student Software.app/Contents/Java/navnet.jar(/com/ti/eps/navnet/ClientListener.class): major version 66 is newer than 65, the highest major version supported by this compiler.
  It is recommended that the compiler be upgraded.
warning: /Applications/TI-Nspire CX CAS Student Software.app/Contents/Java/navnet.jar(/com/ti/eps/navnet/Handle.class): major version 66 is newer than 65, the highest major version supported by this compiler.
  It is recommended that the compiler be upgraded.
warning: /Applications/TI-Nspire CX CAS Student Software.app/Contents/Java/navnetcommproxy.jar(/com/ti/et/navnetcommproxy/NavNetInitException.class): major version 66 is newer than 65, the highest major version supported by this compiler.
  It is recommended that the compiler be upgraded.
warning: /Applications/TI-Nspire CX CAS Student Software.app/Contents/Java/navnetcommproxy.jar(/com/ti/et/navnetcommproxy/FileAttributesProxy.class): major version 66 is newer than 65, the highest major version supported by this compiler.
  It is recommended that the compiler be upgraded.
warning: /Applications/TI-Nspire CX CAS Student Software.app/Contents/Java/navnet.jar(/com/ti/eps/navnet/FileAttributes.class): major version 66 is newer than 65, the highest major version supported by this compiler.
  It is recommended that the compiler be upgraded.
warning: /Applications/TI-Nspire CX CAS Student Software.app/Contents/Java/commproxy.jar(/com/ti/et/education/commproxy/exceptions/NodeCommException.class): major version 66 is newer than 65, the highest major version supported by this compiler.
  It is recommended that the compiler be upgraded.
warning: /Applications/TI-Nspire CX CAS Student Software.app/Contents/Java/commproxy.jar(/com/ti/et/education/commproxy/exceptions/CommProxyException.class): major version 66 is newer than 65, the highest major version supported by this compiler.
  It is recommended that the compiler be upgraded.
warning: /Applications/TI-Nspire CX CAS Student Software.app/Contents/Java/commproxy.jar(/com/ti/et/education/commproxy/exceptions/NodeNotResponsiveException.class): major version 66 is newer than 65, the highest major version supported by this compiler.
  It is recommended that the compiler be upgraded.
27 warnings
Sep 24, 2026 7:38:42 PM com.ti.et.navnetcommproxy.NavNetCommProxy <init>
INFO: Calling NavNet.init( -c 0 -d 0 -l "/var/folders/by/fbqy30350j38685w4wh42mzw0000gn/T/navnetlog.log" -r "/Applications/TI-Nspire CX CAS Student Software.app/Contents/PlugIns/Java.runtime/Contents/Home/bin" )
Sep 24, 2026 7:38:42 PM com.ti.eps.navnet.NavNet init
INFO: ClientID7505: Navnet Client Init: Args = -c 0 -d 0 -l "/var/folders/by/fbqy30350j38685w4wh42mzw0000gn/T/navnetlog.log" -r "/Applications/TI-Nspire CX CAS Student Software.app/Contents/PlugIns/Java.runtime/Contents/Home/bin"
Sep 24, 2026 7:38:42 PM com.ti.eps.navnet.NavNet init
INFO: ClientID7505: Navnet Client init: logpath = /var/folders/by/fbqy30350j38685w4wh42mzw0000gn/T/
Sep 24, 2026 7:38:42 PM com.ti.eps.navnet.NavNet init
INFO: ClientID7505: Client init: shutdown hook initiated.
Sep 24, 2026 7:38:42 PM com.ti.eps.navnet.NavNet ConnectRMIServer
INFO: ClientID7505: AppMux Client Trying to connect to Remote Navnet Server: //localhost:1099/RemoteNavnetServer
Sep 24, 2026 7:38:42 PM com.ti.eps.navnet.NavNet ConnectRMIServer
INFO: ClientID7505: Client: We got registry!
Sep 24, 2026 7:38:44 PM com.ti.eps.navnet.NavNet ConnectRMIServer
INFO: ClientID7505: ConnectionException, server is not started
Sep 24, 2026 7:38:44 PM com.ti.eps.navnet.NavNet startRmiServerToConnect
INFO: ClientID7505: Try to execute the server launcher...
Sep 24, 2026 7:38:44 PM com.ti.eps.navnet.NavNet startRmiServerToConnect
INFO: ClientID7505: THIS IS Mac OS!!!
Sep 24, 2026 7:38:44 PM com.ti.eps.navnet.NavNet startRmiServerToConnect
INFO: ClientID7505: -> Java.exe Path = /Applications/TI-Nspire CX CAS Student Software.app/Contents/PlugIns/Java.runtime/Contents/Home/bin/java
Sep 24, 2026 7:38:44 PM com.ti.eps.navnet.NavNet startRmiServerToConnect
INFO: ClientID7505: -> Navnet Jar Path = /Applications/TI-Nspire CX CAS Student Software.app/Contents/Java/navnet.jar
Sep 24, 2026 7:38:44 PM com.ti.eps.navnet.NavNet getExecArray
INFO: ClientID7505:  Client init: exec[16]: [0]=/Applications/TI-Nspire CX CAS Student Software.app/Contents/PlugIns/Java.runtime/Contents/Home/bin/java [1]=-XX:ErrorFile=/var/folders/by/fbqy30350j38685w4wh42mzw0000gn/T/NN-crash-20260924-193844.log [2]=-XX:OnError=ProcessCrash.bat [3]=-Djava.rmi.server.hostname=localhost [4]=-Djava.rmi.server.useLocalHostname=true [5]=-cp [6]=/Applications/TI-Nspire CX CAS Student Software.app/Contents/Java/navnet.jar [7]=com.ti.eps.navnet.server.RemoteNavnetServer [8]=-c [9]=0 [10]=-d [11]=0 [12]=-l [13]=/var/folders/by/fbqy30350j38685w4wh42mzw0000gn/t/navnetlog.log [14]=-r [15]=/applications/ti-nspire cx cas student software.app/contents/plugins/java.runtime/contents/home/bin
Sep 24, 2026 7:38:44 PM com.ti.eps.navnet.NavNet startRmiServerToConnect
INFO: ClientID7505:  AppMux Server has been launched on Mac
Sep 24, 2026 7:38:44 PM com.ti.eps.navnet.NavNet startRmiServerToConnect
INFO: ClientID7505: Start threads to read Stdout and Stderr
